Dataset=Diag N=50 HIDDEN=2 RATE=0.5 EPOCHS=500 SEED=42
Seed set before dataset generation and ScalarTrain construction.
Epoch metrics: summed loss and correct count before the SGD step.
Epoch  10  loss  27.563509981344488 correct 40
Epoch  20  loss  25.362154297506212 correct 40
Epoch  30  loss  25.07642435662844 correct 40
Epoch  40  loss  25.030081756352985 correct 40
Epoch  50  loss  25.021874541306374 correct 40
Epoch  60  loss  25.020367300611515 correct 40
Epoch  70  loss  25.020086197378458 correct 40
Epoch  80  loss  25.020033422294116 correct 40
Epoch  90  loss  25.020023485699703 correct 40
Epoch  100  loss  25.020021612490805 correct 40
Epoch  110  loss  25.020021259169955 correct 40
Epoch  120  loss  25.020021192511727 correct 40
Epoch  130  loss  25.020021179934556 correct 40
Epoch  140  loss  25.020021177561333 correct 40
Epoch  150  loss  25.02002117711351 correct 40
Epoch  160  loss  25.020021177029044 correct 40
Epoch  170  loss  25.02002117701307 correct 40
Epoch  180  loss  25.02002117701011 correct 40
Epoch  190  loss  25.020021177009536 correct 40
Epoch  200  loss  25.020021177009404 correct 40
Epoch  210  loss  25.020021177009372 correct 40
Epoch  220  loss  25.020021177009408 correct 40
Epoch  230  loss  25.020021177009365 correct 40
Epoch  240  loss  25.020021177009394 correct 40
Epoch  250  loss  25.02002117700937 correct 40
Epoch  260  loss  25.020021177009372 correct 40
Epoch  270  loss  25.02002117700939 correct 40
Epoch  280  loss  25.020021177009408 correct 40
Epoch  290  loss  25.020021177009408 correct 40
Epoch  300  loss  25.020021177009404 correct 40
Epoch  310  loss  25.02002117700936 correct 40
Epoch  320  loss  25.02002117700937 correct 40
Epoch  330  loss  25.020021177009397 correct 40
Epoch  340  loss  25.020021177009404 correct 40
Epoch  350  loss  25.02002117700937 correct 40
Epoch  360  loss  25.020021177009397 correct 40
Epoch  370  loss  25.0200211770094 correct 40
Epoch  380  loss  25.020021177009376 correct 40
Epoch  390  loss  25.02002117700937 correct 40
Epoch  400  loss  25.020021177009394 correct 40
Epoch  410  loss  25.020021177009404 correct 40
Epoch  420  loss  25.020021177009404 correct 40
Epoch  430  loss  25.020021177009404 correct 40
Epoch  440  loss  25.020021177009404 correct 40
Epoch  450  loss  25.020021177009404 correct 40
Epoch  460  loss  25.020021177009404 correct 40
Epoch  470  loss  25.020021177009404 correct 40
Epoch  480  loss  25.020021177009404 correct 40
Epoch  490  loss  25.020021177009404 correct 40
Epoch  500  loss  25.020021177009404 correct 40
Final after SGD: loss=25.020021177009 correct=40/50 accuracy=80.00%
