Dataset=Diag N=50 HIDDEN=10 RATE=0.5 EPOCHS=500 SEED=42
Seed set before dataset generation and ScalarTrain construction.
Epoch metrics: summed loss and correct count before the SGD step.
Epoch  10  loss  18.605429877708357 correct 40
Epoch  20  loss  12.794627003711543 correct 45
Epoch  30  loss  9.52375147799849 correct 47
Epoch  40  loss  7.658660120381153 correct 47
Epoch  50  loss  6.494021982003549 correct 48
Epoch  60  loss  5.713609255363738 correct 49
Epoch  70  loss  5.204311689974061 correct 48
Epoch  80  loss  7.413810322984173 correct 46
Epoch  90  loss  7.358735399801656 correct 46
Epoch  100  loss  5.905481711470202 correct 46
Epoch  110  loss  5.746631008767916 correct 46
Epoch  120  loss  5.887014388696326 correct 46
Epoch  130  loss  5.816396681245103 correct 46
Epoch  140  loss  5.623182583722132 correct 47
Epoch  150  loss  5.4857186601029 correct 47
Epoch  160  loss  5.425412283946638 correct 47
Epoch  170  loss  5.305330858196658 correct 47
Epoch  180  loss  5.239213865853515 correct 47
Epoch  190  loss  5.124180708858787 correct 47
Epoch  200  loss  5.022763110926399 correct 47
Epoch  210  loss  4.943731338097392 correct 47
Epoch  220  loss  4.8404762949189895 correct 47
Epoch  230  loss  4.785984666416559 correct 47
Epoch  240  loss  4.685152482245129 correct 47
Epoch  250  loss  4.646510993856572 correct 47
Epoch  260  loss  4.589877169043422 correct 47
Epoch  270  loss  4.4670889091871135 correct 47
Epoch  280  loss  4.391033038005072 correct 47
Epoch  290  loss  4.392778960649694 correct 47
Epoch  300  loss  4.306531649556996 correct 47
Epoch  310  loss  4.261833448165408 correct 47
Epoch  320  loss  4.2233620931776 correct 47
Epoch  330  loss  4.120034836474011 correct 47
Epoch  340  loss  4.096056698078284 correct 47
Epoch  350  loss  4.0362946396827155 correct 47
Epoch  360  loss  3.982478529195315 correct 47
Epoch  370  loss  3.996463851054415 correct 47
Epoch  380  loss  3.9046246931632442 correct 47
Epoch  390  loss  3.856367101856884 correct 47
Epoch  400  loss  3.792582964799976 correct 47
Epoch  410  loss  3.761956242030461 correct 47
Epoch  420  loss  3.709478433657434 correct 47
Epoch  430  loss  3.6500044401502856 correct 47
Epoch  440  loss  3.6251685058494556 correct 47
Epoch  450  loss  3.5824270758221632 correct 47
Epoch  460  loss  3.5428875499609367 correct 47
Epoch  470  loss  3.509955449962964 correct 47
Epoch  480  loss  3.4760966801122195 correct 47
Epoch  490  loss  3.4409596913540565 correct 47
Epoch  500  loss  3.41427179065748 correct 47
Final after SGD: loss=3.316649342030 correct=48/50 accuracy=96.00%
