Dataset=Simple N=50 HIDDEN=2 RATE=0.5 EPOCHS=500 SEED=42
Seed set before dataset generation and ScalarTrain construction.
Epoch metrics: summed loss and correct count before the SGD step.
Epoch  10  loss  34.88959758939203 correct 23
Epoch  20  loss  34.5243854945639 correct 27
Epoch  30  loss  34.49900211250363 correct 27
Epoch  40  loss  34.4972226471998 correct 27
Epoch  50  loss  34.497097415403154 correct 27
Epoch  60  loss  34.49708859203002 correct 27
Epoch  70  loss  34.497087970174576 correct 27
Epoch  80  loss  34.497087926343696 correct 27
Epoch  90  loss  34.49708792325422 correct 27
Epoch  100  loss  34.497087923036496 correct 27
Epoch  110  loss  34.49708792302115 correct 27
Epoch  120  loss  34.49708792302006 correct 27
Epoch  130  loss  34.497087923019976 correct 27
Epoch  140  loss  34.49708792301996 correct 27
Epoch  150  loss  34.49708792301995 correct 27
Epoch  160  loss  34.497087923019954 correct 27
Epoch  170  loss  34.497087923019976 correct 27
Epoch  180  loss  34.49708792301996 correct 27
Epoch  190  loss  34.49708792301997 correct 27
Epoch  200  loss  34.49708792301997 correct 27
Epoch  210  loss  34.497087923019976 correct 27
Epoch  220  loss  34.497087923019976 correct 27
Epoch  230  loss  34.497087923019954 correct 27
Epoch  240  loss  34.49708792301997 correct 27
Epoch  250  loss  34.49708792301998 correct 27
Epoch  260  loss  34.49708792301999 correct 27
Epoch  270  loss  34.49708792301995 correct 27
Epoch  280  loss  34.49708792301995 correct 27
Epoch  290  loss  34.49708792301995 correct 27
Epoch  300  loss  34.49708792301995 correct 27
Epoch  310  loss  34.49708792301995 correct 27
Epoch  320  loss  34.49708792301995 correct 27
Epoch  330  loss  34.49708792301995 correct 27
Epoch  340  loss  34.49708792301995 correct 27
Epoch  350  loss  34.49708792301995 correct 27
Epoch  360  loss  34.49708792301995 correct 27
Epoch  370  loss  34.49708792301995 correct 27
Epoch  380  loss  34.49708792301995 correct 27
Epoch  390  loss  34.49708792301995 correct 27
Epoch  400  loss  34.49708792301995 correct 27
Epoch  410  loss  34.49708792301995 correct 27
Epoch  420  loss  34.49708792301995 correct 27
Epoch  430  loss  34.49708792301995 correct 27
Epoch  440  loss  34.49708792301995 correct 27
Epoch  450  loss  34.49708792301995 correct 27
Epoch  460  loss  34.49708792301995 correct 27
Epoch  470  loss  34.49708792301995 correct 27
Epoch  480  loss  34.49708792301995 correct 27
Epoch  490  loss  34.49708792301995 correct 27
Epoch  500  loss  34.49708792301995 correct 27
Final after SGD: loss=34.497087923020 correct=27/50 accuracy=54.00%
