Dataset=Simple N=50 HIDDEN=10 RATE=0.5 EPOCHS=500 SEED=42
Seed set before dataset generation and ScalarTrain construction.
Epoch metrics: summed loss and correct count before the SGD step.
Epoch  10  loss  14.82670683626275 correct 50
Epoch  20  loss  5.536184552102441 correct 50
Epoch  30  loss  2.7892945834224427 correct 50
Epoch  40  loss  1.7899604103299929 correct 50
Epoch  50  loss  1.3044295392371217 correct 50
Epoch  60  loss  1.0162529806988767 correct 50
Epoch  70  loss  0.8251772933608397 correct 50
Epoch  80  loss  0.6901060341161573 correct 50
Epoch  90  loss  0.5901241902944543 correct 50
Epoch  100  loss  0.5129112778323767 correct 50
Epoch  110  loss  0.45155706878953644 correct 50
Epoch  120  loss  0.4021830923277507 correct 50
Epoch  130  loss  0.3615799926442548 correct 50
Epoch  140  loss  0.3277212454837073 correct 50
Epoch  150  loss  0.299163006604839 correct 50
Epoch  160  loss  0.27468622989074687 correct 50
Epoch  170  loss  0.25371645858420216 correct 50
Epoch  180  loss  0.2355220730165874 correct 50
Epoch  190  loss  0.21951964678962507 correct 50
Epoch  200  loss  0.20542490892406093 correct 50
Epoch  210  loss  0.1928731191559262 correct 50
Epoch  220  loss  0.18161126654285886 correct 50
Epoch  230  loss  0.1714730403473348 correct 50
Epoch  240  loss  0.16228847039399355 correct 50
Epoch  250  loss  0.15394254369127602 correct 50
Epoch  260  loss  0.14635398227051485 correct 50
Epoch  270  loss  0.13939913856240976 correct 50
Epoch  280  loss  0.13300375370549467 correct 50
Epoch  290  loss  0.1271055723398765 correct 50
Epoch  300  loss  0.1216510951311447 correct 50
Epoch  310  loss  0.116594099886187 correct 50
Epoch  320  loss  0.11189442052885247 correct 50
Epoch  330  loss  0.10751704409986802 correct 50
Epoch  340  loss  0.10343129862844215 correct 50
Epoch  350  loss  0.09961020703035525 correct 50
Epoch  360  loss  0.09606884727172851 correct 50
Epoch  370  loss  0.09275208851031057 correct 50
Epoch  380  loss  0.089624551099714 correct 50
Epoch  390  loss  0.08667908327258741 correct 50
Epoch  400  loss  0.08390086708233248 correct 50
Epoch  410  loss  0.08127658051341417 correct 50
Epoch  420  loss  0.07879537219983895 correct 50
Epoch  430  loss  0.0764454345267476 correct 50
Epoch  440  loss  0.07421684786732624 correct 50
Epoch  450  loss  0.07210085120222828 correct 50
Epoch  460  loss  0.07008949565656875 correct 50
Epoch  470  loss  0.06817521025338803 correct 50
Epoch  480  loss  0.06635171979333813 correct 50
Epoch  490  loss  0.06461298409716326 correct 50
Epoch  500  loss  0.0629534743847119 correct 50
Final after SGD: loss=0.062791681386 correct=50/50 accuracy=100.00%
