Dataset=Split N=50 HIDDEN=10 RATE=0.5 EPOCHS=500 SEED=42
Seed set before dataset generation and ScalarTrain construction.
Epoch metrics: summed loss and correct count before the SGD step.
Epoch  10  loss  32.60307055323982 correct 36
Epoch  20  loss  31.36000000172593 correct 33
Epoch  30  loss  30.08241896009851 correct 34
Epoch  40  loss  28.461640190744898 correct 35
Epoch  50  loss  26.330338168840466 correct 37
Epoch  60  loss  23.400220873512637 correct 41
Epoch  70  loss  36.09887212772682 correct 28
Epoch  80  loss  20.004326235581047 correct 44
Epoch  90  loss  17.59671300332752 correct 46
Epoch  100  loss  16.541001226615556 correct 46
Epoch  110  loss  16.55159682937241 correct 44
Epoch  120  loss  20.62197375189345 correct 40
Epoch  130  loss  24.764506179817985 correct 39
Epoch  140  loss  9.766949767701401 correct 47
Epoch  150  loss  9.716552313191793 correct 47
Epoch  160  loss  7.661337852433884 correct 48
Epoch  170  loss  9.134659565225165 correct 47
Epoch  180  loss  11.644616900065946 correct 46
Epoch  190  loss  6.436817444890618 correct 48
Epoch  200  loss  13.03893925120494 correct 44
Epoch  210  loss  5.289762408043317 correct 49
Epoch  220  loss  18.209137152652914 correct 42
Epoch  230  loss  5.4968818075299275 correct 48
Epoch  240  loss  5.168083300195259 correct 49
Epoch  250  loss  6.3615133340305805 correct 48
Epoch  260  loss  6.7318223057514475 correct 48
Epoch  270  loss  7.094248360382219 correct 46
Epoch  280  loss  5.148204851343981 correct 48
Epoch  290  loss  4.687618590913966 correct 49
Epoch  300  loss  4.549739024232233 correct 49
Epoch  310  loss  4.479251157083854 correct 49
Epoch  320  loss  8.57020951118449 correct 48
Epoch  330  loss  6.676042738137547 correct 46
Epoch  340  loss  4.430003063895435 correct 49
Epoch  350  loss  4.991953794996571 correct 49
Epoch  360  loss  4.61843056149167 correct 48
Epoch  370  loss  3.9008984567643328 correct 49
Epoch  380  loss  4.510523886051494 correct 49
Epoch  390  loss  5.307592370660186 correct 48
Epoch  400  loss  2.891177221189364 correct 49
Epoch  410  loss  4.058874962381973 correct 49
Epoch  420  loss  8.36043994415048 correct 46
Epoch  430  loss  3.73014833214356 correct 49
Epoch  440  loss  3.9227236550289937 correct 49
Epoch  450  loss  6.125114442527267 correct 48
Epoch  460  loss  2.5771105633998994 correct 49
Epoch  470  loss  5.246029308517361 correct 48
Epoch  480  loss  4.931327927812502 correct 49
Epoch  490  loss  3.2797010580053825 correct 49
Epoch  500  loss  5.790951164804086 correct 48
Final after SGD: loss=3.064684487984 correct=50/50 accuracy=100.00%
