Dataset=Xor N=50 HIDDEN=10 RATE=0.5 EPOCHS=500 SEED=42
Seed set before dataset generation and ScalarTrain construction.
Epoch metrics: summed loss and correct count before the SGD step.
Epoch  10  loss  31.402787418031288 correct 32
Epoch  20  loss  29.555902011317283 correct 32
Epoch  30  loss  26.56043055938746 correct 35
Epoch  40  loss  27.597962758221723 correct 32
Epoch  50  loss  24.69019992000627 correct 35
Epoch  60  loss  23.09736807420623 correct 36
Epoch  70  loss  20.53303937726277 correct 39
Epoch  80  loss  18.703840435728917 correct 40
Epoch  90  loss  17.48708543266698 correct 41
Epoch  100  loss  15.576485611169641 correct 43
Epoch  110  loss  13.06482700180194 correct 45
Epoch  120  loss  10.840084969200092 correct 47
Epoch  130  loss  8.372782012627773 correct 48
Epoch  140  loss  7.173824226909235 correct 48
Epoch  150  loss  6.667445922928841 correct 48
Epoch  160  loss  7.359099269996898 correct 48
Epoch  170  loss  4.503479335730867 correct 48
Epoch  180  loss  3.5051485250901924 correct 49
Epoch  190  loss  3.705288387010604 correct 49
Epoch  200  loss  4.2552554441089026 correct 48
Epoch  210  loss  4.033079596708783 correct 48
Epoch  220  loss  3.340458550212819 correct 49
Epoch  230  loss  2.7149349129595026 correct 49
Epoch  240  loss  2.4601052621813198 correct 49
Epoch  250  loss  2.408311921933782 correct 49
Epoch  260  loss  2.583979462643347 correct 49
Epoch  270  loss  2.4618589213183797 correct 49
Epoch  280  loss  1.6805833379862136 correct 49
Epoch  290  loss  1.2981044450924464 correct 50
Epoch  300  loss  1.1298358669403996 correct 50
Epoch  310  loss  1.009322830707644 correct 50
Epoch  320  loss  0.9155538116764973 correct 50
Epoch  330  loss  0.8528208015265263 correct 50
Epoch  340  loss  0.8057287087373212 correct 50
Epoch  350  loss  0.7656265372382047 correct 50
Epoch  360  loss  0.7300262761625474 correct 50
Epoch  370  loss  0.6976430497723518 correct 50
Epoch  380  loss  0.6678398952320056 correct 50
Epoch  390  loss  0.6401589573241386 correct 50
Epoch  400  loss  0.6146079291855009 correct 50
Epoch  410  loss  0.5907050274938148 correct 50
Epoch  420  loss  0.5683167456861072 correct 50
Epoch  430  loss  0.5472997388542966 correct 50
Epoch  440  loss  0.5276456134902177 correct 50
Epoch  450  loss  0.5094190104693807 correct 50
Epoch  460  loss  0.4918948805951454 correct 50
Epoch  470  loss  0.4755726322617186 correct 50
Epoch  480  loss  0.4602950714930374 correct 50
Epoch  490  loss  0.44562912406924726 correct 50
Epoch  500  loss  0.431815032251546 correct 50
Final after SGD: loss=0.430486158436 correct=50/50 accuracy=100.00%
